<html>
<body>
<pre>
<h1>礦ision Build Log</h1>
<h2>Tool Versions:</h2>
IDE-Version: μVision V5.14.0.0
Copyright (C) 2015 ARM Ltd and ARM Germany GmbH. All rights reserved.
License Information: ran chuan, aa, LIC=MGX63-AAE8U-UKKB6-D65L0-KFD8L-Y1ICA
 
Tool Versions:
Toolchain:       MDK-ARM Professional  Version: 5.14.0.0
Toolchain Path:  D:\Keil_v5\ARM\ARMCC\Bin
C Compiler:      Armcc.exe V5.05 update 1 (build 106)
Assembler:       Armasm.exe V5.05 update 1 (build 106)
Linker/Locator:  ArmLink.exe V5.05 update 1 (build 106)
Library Manager: ArmAr.exe V5.05 update 1 (build 106)
Hex Converter:   FromElf.exe V5.05 update 1 (build 106)
CPU DLL:         SARMCM3.DLL V5.14.0.0
Dialog DLL:      DCM.DLL V1.13.1.0
Target DLL:      STLink\ST-LINKIII-KEIL_SWO.dll V2.0.14.0_KEIL
Dialog DLL:      TCM.DLL V1.14.4.0
 
<h2>Project:</h2>
F:\川~\STM32 F1\2018.9.30 温控集中器 第二套\2018.12.5 文件系统API\USER\FATFS.uvprojx
Project File Date:  09/28/2018

<h2>Output:</h2>
Rebuild target 'Target 1'
compiling main.c...
compiling define.c...
assembling startup_stm32f10x_hd.s...
compiling diskio.c...
compiling ff.c...
compiling cc936.c...
linking...
..\OBJ\FATFS.axf: Warning: L6305W: Image does not have an entry point. (Not specified or not set due to multiple choices.)
..\OBJ\FATFS.sct(8): warning: L6314W: No section matches pattern *(InRoot$$Sections).
Program Size: Code=13338 RO-data=1130 RW-data=52 ZI-data=0  
Finished: 0 information, 2 warning and 0 error messages.
FromELF: creating hex file...
"..\OBJ\FATFS.axf" - 0 Error(s), 2 Warning(s).

<h2>Collection of Component include folders:</h2>
  F:\川~\STM32 F1\2018.9.30 温控集中器 第二套\2018.12.5 文件系统API\USER\RTE
  D:\Keil_v5\ARM\PACK\Keil\STM32F1xx_DFP\1.0.5\Device\Include

<h2>Collection of Component Files used:</h2>
</pre>
</body>
</html>
