Component: ARM Compiler 5.05 update 1 (build 106) Tool: armlink [4d0efa]

==============================================================================

Section Cross References

    main.o(i.fun_init) refers to define.o(.data) for mymalloc
    main.o(i.fun_init) refers to ff.o(.data) for FatFs
    startup_stm32f10x_hd.o(RESET) refers to main.o(i.fun_init) for fun_init
    startup_stm32f10x_hd.o(RESET) refers to ff.o(i.f_mount) for f_mount
    startup_stm32f10x_hd.o(RESET) refers to ff.o(i.f_open) for f_open
    startup_stm32f10x_hd.o(RESET) refers to ff.o(i.f_read) for f_read
    startup_stm32f10x_hd.o(RESET) refers to ff.o(i.f_lseek) for f_lseek
    startup_stm32f10x_hd.o(RESET) refers to ff.o(i.f_close) for f_close
    startup_stm32f10x_hd.o(RESET) refers to ff.o(i.f_opendir) for f_opendir
    startup_stm32f10x_hd.o(RESET) refers to ff.o(i.f_readdir) for f_readdir
    startup_stm32f10x_hd.o(RESET) refers to ff.o(i.f_stat) for f_stat
    startup_stm32f10x_hd.o(RESET) refers to ff.o(i.f_write) for f_write
    startup_stm32f10x_hd.o(RESET) refers to ff.o(i.f_getfree) for f_getfree
    startup_stm32f10x_hd.o(RESET) refers to ff.o(i.f_truncate) for f_truncate
    startup_stm32f10x_hd.o(RESET) refers to ff.o(i.f_sync) for f_sync
    startup_stm32f10x_hd.o(RESET) refers to ff.o(i.f_unlink) for f_unlink
    startup_stm32f10x_hd.o(RESET) refers to ff.o(i.f_mkdir) for f_mkdir
    startup_stm32f10x_hd.o(RESET) refers to ff.o(i.f_chmod) for f_chmod
    startup_stm32f10x_hd.o(RESET) refers to ff.o(i.f_utime) for f_utime
    startup_stm32f10x_hd.o(RESET) refers to ff.o(i.f_rename) for f_rename
    startup_stm32f10x_hd.o(RESET) refers to ff.o(i.f_chdrive) for f_chdrive
    startup_stm32f10x_hd.o(RESET) refers to ff.o(i.f_chdir) for f_chdir
    startup_stm32f10x_hd.o(RESET) refers to ff.o(i.f_mkfs) for f_mkfs
    startup_stm32f10x_hd.o(RESET) refers to ff.o(i.f_putc) for f_putc
    startup_stm32f10x_hd.o(RESET) refers to ff.o(i.f_puts) for f_puts
    startup_stm32f10x_hd.o(RESET) refers to ff.o(i.f_printf) for f_printf
    startup_stm32f10x_hd.o(RESET) refers to ff.o(i.f_gets) for f_gets
    diskio.o(i.disk_initialize) refers to define.o(.data) for sd_Initialize
    diskio.o(i.disk_ioctl) refers to define.o(.data) for sd_WaitReady
    diskio.o(i.disk_read) refers to define.o(.data) for sd_read
    diskio.o(i.disk_write) refers to define.o(.data) for sd_write
    diskio.o(i.ff_memalloc) refers to define.o(.data) for mymalloc
    diskio.o(i.ff_memfree) refers to define.o(.data) for myfree
    ff.o(i.check_fs) refers to diskio.o(i.disk_read) for disk_read
    ff.o(i.chk_mounted) refers to diskio.o(i.disk_status) for disk_status
    ff.o(i.chk_mounted) refers to diskio.o(i.disk_initialize) for disk_initialize
    ff.o(i.chk_mounted) refers to ff.o(i.check_fs) for check_fs
    ff.o(i.chk_mounted) refers to diskio.o(i.disk_read) for disk_read
    ff.o(i.chk_mounted) refers to ff.o(.data) for CurrVol
    ff.o(i.cmp_lfn) refers to cc936.o(i.ff_wtoupper) for ff_wtoupper
    ff.o(i.cmp_lfn) refers to ff.o(.constdata) for LfnOfs
    ff.o(i.create_chain) refers to ff.o(i.get_fat) for get_fat
    ff.o(i.create_chain) refers to ff.o(i.put_fat) for put_fat
    ff.o(i.create_name) refers to cc936.o(i.ff_convert) for ff_convert
    ff.o(i.create_name) refers to ff.o(i.chk_chr) for chk_chr
    ff.o(i.create_name) refers to ff.o(i.mem_set) for mem_set
    ff.o(i.create_name) refers to cc936.o(i.ff_wtoupper) for ff_wtoupper
    ff.o(i.dir_find) refers to ff.o(i.dir_sdi) for dir_sdi
    ff.o(i.dir_find) refers to ff.o(i.move_window) for move_window
    ff.o(i.dir_find) refers to ff.o(i.cmp_lfn) for cmp_lfn
    ff.o(i.dir_find) refers to ff.o(i.sum_sfn) for sum_sfn
    ff.o(i.dir_find) refers to ff.o(i.mem_cmp) for mem_cmp
    ff.o(i.dir_find) refers to ff.o(i.dir_next) for dir_next
    ff.o(i.dir_next) refers to ff.o(i.get_fat) for get_fat
    ff.o(i.dir_next) refers to ff.o(i.create_chain) for create_chain
    ff.o(i.dir_next) refers to ff.o(i.move_window) for move_window
    ff.o(i.dir_next) refers to ff.o(i.mem_set) for mem_set
    ff.o(i.dir_next) refers to ff.o(i.clust2sect) for clust2sect
    ff.o(i.dir_read) refers to ff.o(i.move_window) for move_window
    ff.o(i.dir_read) refers to ff.o(i.pick_lfn) for pick_lfn
    ff.o(i.dir_read) refers to ff.o(i.sum_sfn) for sum_sfn
    ff.o(i.dir_read) refers to ff.o(i.dir_next) for dir_next
    ff.o(i.dir_register) refers to ff.o(i.mem_cpy) for mem_cpy
    ff.o(i.dir_register) refers to ff.o(i.gen_numname) for gen_numname
    ff.o(i.dir_register) refers to ff.o(i.dir_find) for dir_find
    ff.o(i.dir_register) refers to ff.o(i.dir_sdi) for dir_sdi
    ff.o(i.dir_register) refers to ff.o(i.move_window) for move_window
    ff.o(i.dir_register) refers to ff.o(i.dir_next) for dir_next
    ff.o(i.dir_register) refers to ff.o(i.sum_sfn) for sum_sfn
    ff.o(i.dir_register) refers to ff.o(i.fit_lfn) for fit_lfn
    ff.o(i.dir_register) refers to ff.o(i.mem_set) for mem_set
    ff.o(i.dir_remove) refers to ff.o(i.dir_sdi) for dir_sdi
    ff.o(i.dir_remove) refers to ff.o(i.move_window) for move_window
    ff.o(i.dir_remove) refers to ff.o(i.dir_next) for dir_next
    ff.o(i.dir_sdi) refers to ff.o(i.get_fat) for get_fat
    ff.o(i.dir_sdi) refers to ff.o(i.clust2sect) for clust2sect
    ff.o(i.f_chdir) refers to ff.o(i.chk_mounted) for chk_mounted
    ff.o(i.f_chdir) refers to diskio.o(i.ff_memalloc) for ff_memalloc
    ff.o(i.f_chdir) refers to ff.o(i.follow_path) for follow_path
    ff.o(i.f_chdir) refers to diskio.o(i.ff_memfree) for ff_memfree
    ff.o(i.f_chdrive) refers to ff.o(.data) for CurrVol
    ff.o(i.f_chmod) refers to ff.o(i.chk_mounted) for chk_mounted
    ff.o(i.f_chmod) refers to diskio.o(i.ff_memalloc) for ff_memalloc
    ff.o(i.f_chmod) refers to ff.o(i.follow_path) for follow_path
    ff.o(i.f_chmod) refers to diskio.o(i.ff_memfree) for ff_memfree
    ff.o(i.f_chmod) refers to ff.o(i.sync) for sync
    ff.o(i.f_close) refers to ff.o(i.f_sync) for f_sync
    ff.o(i.f_getfree) refers to ff.o(i.chk_mounted) for chk_mounted
    ff.o(i.f_getfree) refers to ff.o(i.get_fat) for get_fat
    ff.o(i.f_getfree) refers to ff.o(i.move_window) for move_window
    ff.o(i.f_gets) refers to ff.o(i.f_read) for f_read
    ff.o(i.f_lseek) refers to ff.o(i.validate) for validate
    ff.o(i.f_lseek) refers to ff.o(i.get_fat) for get_fat
    ff.o(i.f_lseek) refers to ff.o(i.clmt_clust) for clmt_clust
    ff.o(i.f_lseek) refers to ff.o(i.clust2sect) for clust2sect
    ff.o(i.f_lseek) refers to diskio.o(i.disk_write) for disk_write
    ff.o(i.f_lseek) refers to diskio.o(i.disk_read) for disk_read
    ff.o(i.f_lseek) refers to ff.o(i.create_chain) for create_chain
    ff.o(i.f_mkdir) refers to diskio.o(i.get_fattime) for get_fattime
    ff.o(i.f_mkdir) refers to ff.o(i.chk_mounted) for chk_mounted
    ff.o(i.f_mkdir) refers to diskio.o(i.ff_memalloc) for ff_memalloc
    ff.o(i.f_mkdir) refers to ff.o(i.follow_path) for follow_path
    ff.o(i.f_mkdir) refers to ff.o(i.create_chain) for create_chain
    ff.o(i.f_mkdir) refers to ff.o(i.move_window) for move_window
    ff.o(i.f_mkdir) refers to ff.o(i.clust2sect) for clust2sect
    ff.o(i.f_mkdir) refers to ff.o(i.mem_set) for mem_set
    ff.o(i.f_mkdir) refers to ff.o(i.mem_cpy) for mem_cpy
    ff.o(i.f_mkdir) refers to ff.o(i.dir_register) for dir_register
    ff.o(i.f_mkdir) refers to ff.o(i.remove_chain) for remove_chain
    ff.o(i.f_mkdir) refers to ff.o(i.sync) for sync
    ff.o(i.f_mkdir) refers to diskio.o(i.ff_memfree) for ff_memfree
    ff.o(i.f_mkfs) refers to diskio.o(i.disk_initialize) for disk_initialize
    ff.o(i.f_mkfs) refers to diskio.o(i.disk_ioctl) for disk_ioctl
    ff.o(i.f_mkfs) refers to ff.o(i.mem_set) for mem_set
    ff.o(i.f_mkfs) refers to diskio.o(i.disk_write) for disk_write
    ff.o(i.f_mkfs) refers to ff.o(i.mem_cpy) for mem_cpy
    ff.o(i.f_mkfs) refers to diskio.o(i.get_fattime) for get_fattime
    ff.o(i.f_mkfs) refers to ff.o(.data) for FatFs
    ff.o(i.f_mkfs) refers to ff.o(.constdata) for vst
    ff.o(i.f_mount) refers to ff.o(.data) for FatFs
    ff.o(i.f_open) refers to ff.o(i.chk_mounted) for chk_mounted
    ff.o(i.f_open) refers to diskio.o(i.ff_memalloc) for ff_memalloc
    ff.o(i.f_open) refers to ff.o(i.follow_path) for follow_path
    ff.o(i.f_open) refers to ff.o(i.dir_register) for dir_register
    ff.o(i.f_open) refers to diskio.o(i.get_fattime) for get_fattime
    ff.o(i.f_open) refers to ff.o(i.remove_chain) for remove_chain
    ff.o(i.f_open) refers to ff.o(i.move_window) for move_window
    ff.o(i.f_open) refers to diskio.o(i.ff_memfree) for ff_memfree
    ff.o(i.f_opendir) refers to ff.o(i.chk_mounted) for chk_mounted
    ff.o(i.f_opendir) refers to diskio.o(i.ff_memalloc) for ff_memalloc
    ff.o(i.f_opendir) refers to ff.o(i.follow_path) for follow_path
    ff.o(i.f_opendir) refers to diskio.o(i.ff_memfree) for ff_memfree
    ff.o(i.f_opendir) refers to ff.o(i.dir_sdi) for dir_sdi
    ff.o(i.f_printf) refers to ff.o(i.f_putc) for f_putc
    ff.o(i.f_printf) refers to ff.o(i.f_puts) for f_puts
    ff.o(i.f_putc) refers to ff.o(i.f_write) for f_write
    ff.o(i.f_puts) refers to ff.o(i.f_putc) for f_putc
    ff.o(i.f_read) refers to ff.o(i.validate) for validate
    ff.o(i.f_read) refers to ff.o(i.clmt_clust) for clmt_clust
    ff.o(i.f_read) refers to ff.o(i.get_fat) for get_fat
    ff.o(i.f_read) refers to ff.o(i.clust2sect) for clust2sect
    ff.o(i.f_read) refers to diskio.o(i.disk_read) for disk_read
    ff.o(i.f_read) refers to ff.o(i.mem_cpy) for mem_cpy
    ff.o(i.f_read) refers to diskio.o(i.disk_write) for disk_write
    ff.o(i.f_readdir) refers to ff.o(i.validate) for validate
    ff.o(i.f_readdir) refers to ff.o(i.dir_sdi) for dir_sdi
    ff.o(i.f_readdir) refers to diskio.o(i.ff_memalloc) for ff_memalloc
    ff.o(i.f_readdir) refers to ff.o(i.dir_read) for dir_read
    ff.o(i.f_readdir) refers to ff.o(i.get_fileinfo) for get_fileinfo
    ff.o(i.f_readdir) refers to ff.o(i.dir_next) for dir_next
    ff.o(i.f_readdir) refers to diskio.o(i.ff_memfree) for ff_memfree
    ff.o(i.f_rename) refers to ff.o(i.chk_mounted) for chk_mounted
    ff.o(i.f_rename) refers to diskio.o(i.ff_memalloc) for ff_memalloc
    ff.o(i.f_rename) refers to ff.o(i.follow_path) for follow_path
    ff.o(i.f_rename) refers to ff.o(i.mem_cpy) for mem_cpy
    ff.o(i.f_rename) refers to ff.o(i.dir_register) for dir_register
    ff.o(i.f_rename) refers to ff.o(i.clust2sect) for clust2sect
    ff.o(i.f_rename) refers to ff.o(i.move_window) for move_window
    ff.o(i.f_rename) refers to ff.o(i.dir_remove) for dir_remove
    ff.o(i.f_rename) refers to ff.o(i.sync) for sync
    ff.o(i.f_rename) refers to diskio.o(i.ff_memfree) for ff_memfree
    ff.o(i.f_stat) refers to ff.o(i.chk_mounted) for chk_mounted
    ff.o(i.f_stat) refers to diskio.o(i.ff_memalloc) for ff_memalloc
    ff.o(i.f_stat) refers to ff.o(i.follow_path) for follow_path
    ff.o(i.f_stat) refers to ff.o(i.get_fileinfo) for get_fileinfo
    ff.o(i.f_stat) refers to diskio.o(i.ff_memfree) for ff_memfree
    ff.o(i.f_sync) refers to ff.o(i.validate) for validate
    ff.o(i.f_sync) refers to diskio.o(i.disk_write) for disk_write
    ff.o(i.f_sync) refers to ff.o(i.move_window) for move_window
    ff.o(i.f_sync) refers to diskio.o(i.get_fattime) for get_fattime
    ff.o(i.f_sync) refers to ff.o(i.sync) for sync
    ff.o(i.f_truncate) refers to ff.o(i.validate) for validate
    ff.o(i.f_truncate) refers to ff.o(i.remove_chain) for remove_chain
    ff.o(i.f_truncate) refers to ff.o(i.get_fat) for get_fat
    ff.o(i.f_truncate) refers to ff.o(i.put_fat) for put_fat
    ff.o(i.f_unlink) refers to ff.o(i.chk_mounted) for chk_mounted
    ff.o(i.f_unlink) refers to diskio.o(i.ff_memalloc) for ff_memalloc
    ff.o(i.f_unlink) refers to ff.o(i.follow_path) for follow_path
    ff.o(i.f_unlink) refers to ff.o(i.mem_cpy) for mem_cpy
    ff.o(i.f_unlink) refers to ff.o(i.dir_sdi) for dir_sdi
    ff.o(i.f_unlink) refers to ff.o(i.dir_read) for dir_read
    ff.o(i.f_unlink) refers to ff.o(i.dir_remove) for dir_remove
    ff.o(i.f_unlink) refers to ff.o(i.remove_chain) for remove_chain
    ff.o(i.f_unlink) refers to ff.o(i.sync) for sync
    ff.o(i.f_unlink) refers to diskio.o(i.ff_memfree) for ff_memfree
    ff.o(i.f_utime) refers to ff.o(i.chk_mounted) for chk_mounted
    ff.o(i.f_utime) refers to diskio.o(i.ff_memalloc) for ff_memalloc
    ff.o(i.f_utime) refers to ff.o(i.follow_path) for follow_path
    ff.o(i.f_utime) refers to diskio.o(i.ff_memfree) for ff_memfree
    ff.o(i.f_utime) refers to ff.o(i.sync) for sync
    ff.o(i.f_write) refers to ff.o(i.validate) for validate
    ff.o(i.f_write) refers to ff.o(i.create_chain) for create_chain
    ff.o(i.f_write) refers to ff.o(i.clmt_clust) for clmt_clust
    ff.o(i.f_write) refers to diskio.o(i.disk_write) for disk_write
    ff.o(i.f_write) refers to ff.o(i.clust2sect) for clust2sect
    ff.o(i.f_write) refers to ff.o(i.mem_cpy) for mem_cpy
    ff.o(i.f_write) refers to diskio.o(i.disk_read) for disk_read
    ff.o(i.fit_lfn) refers to ff.o(.constdata) for LfnOfs
    ff.o(i.follow_path) refers to ff.o(i.dir_sdi) for dir_sdi
    ff.o(i.follow_path) refers to ff.o(i.create_name) for create_name
    ff.o(i.follow_path) refers to ff.o(i.dir_find) for dir_find
    ff.o(i.gen_numname) refers to ff.o(i.mem_cpy) for mem_cpy
    ff.o(i.get_fat) refers to ff.o(i.move_window) for move_window
    ff.o(i.get_fileinfo) refers to cc936.o(i.ff_convert) for ff_convert
    ff.o(i.move_window) refers to diskio.o(i.disk_write) for disk_write
    ff.o(i.move_window) refers to diskio.o(i.disk_read) for disk_read
    ff.o(i.pick_lfn) refers to ff.o(.constdata) for LfnOfs
    ff.o(i.put_fat) refers to ff.o(i.move_window) for move_window
    ff.o(i.remove_chain) refers to ff.o(i.get_fat) for get_fat
    ff.o(i.remove_chain) refers to ff.o(i.put_fat) for put_fat
    ff.o(i.sync) refers to ff.o(i.move_window) for move_window
    ff.o(i.sync) refers to ff.o(i.mem_set) for mem_set
    ff.o(i.sync) refers to diskio.o(i.disk_write) for disk_write
    ff.o(i.sync) refers to diskio.o(i.disk_ioctl) for disk_ioctl
    ff.o(i.validate) refers to diskio.o(i.disk_status) for disk_status
    cc936.o(i.ff_wtoupper) refers to cc936.o(.constdata) for tbl_lower


==============================================================================

Image Symbol Table

    Local Symbols

    Symbol Name                              Value     Ov Type        Size  Object(Section)

    ..\CORE\startup_stm32f10x_hd.s           0x00000000   Number         0  startup_stm32f10x_hd.o ABSOLUTE
    ..\FATFS\src\diskio.c                    0x00000000   Number         0  diskio.o ABSOLUTE
    ..\FATFS\src\ff.c                        0x00000000   Number         0  ff.o ABSOLUTE
    ..\FATFS\src\option\cc936.c              0x00000000   Number         0  cc936.o ABSOLUTE
    define.c                                 0x00000000   Number         0  define.o ABSOLUTE
    main.c                                   0x00000000   Number         0  main.o ABSOLUTE
    RESET                                    0x0803c000   Section      112  startup_stm32f10x_hd.o(RESET)
    .text                                    0x0803c070   Section        0  startup_stm32f10x_hd.o(.text)
    i.check_fs                               0x0803c070   Section        0  ff.o(i.check_fs)
    check_fs                                 0x0803c071   Thumb Code   138  ff.o(i.check_fs)
    i.chk_chr                                0x0803c100   Section        0  ff.o(i.chk_chr)
    chk_chr                                  0x0803c101   Thumb Code    20  ff.o(i.chk_chr)
    i.chk_mounted                            0x0803c114   Section        0  ff.o(i.chk_mounted)
    chk_mounted                              0x0803c115   Thumb Code   904  ff.o(i.chk_mounted)
    i.clmt_clust                             0x0803c4b0   Section        0  ff.o(i.clmt_clust)
    clmt_clust                               0x0803c4b1   Thumb Code    50  ff.o(i.clmt_clust)
    i.clust2sect                             0x0803c4e2   Section        0  ff.o(i.clust2sect)
    i.cmp_lfn                                0x0803c4fc   Section        0  ff.o(i.cmp_lfn)
    cmp_lfn                                  0x0803c4fd   Thumb Code   138  ff.o(i.cmp_lfn)
    i.create_chain                           0x0803c58c   Section        0  ff.o(i.create_chain)
    create_chain                             0x0803c58d   Thumb Code   202  ff.o(i.create_chain)
    i.create_name                            0x0803c658   Section        0  ff.o(i.create_name)
    create_name                              0x0803c659   Thumb Code   708  ff.o(i.create_name)
    i.dir_find                               0x0803c930   Section        0  ff.o(i.dir_find)
    dir_find                                 0x0803c931   Thumb Code   222  ff.o(i.dir_find)
    i.dir_next                               0x0803ca0e   Section        0  ff.o(i.dir_next)
    dir_next                                 0x0803ca0f   Thumb Code   280  ff.o(i.dir_next)
    i.dir_read                               0x0803cb26   Section        0  ff.o(i.dir_read)
    dir_read                                 0x0803cb27   Thumb Code   188  ff.o(i.dir_read)
    i.dir_register                           0x0803cbe2   Section        0  ff.o(i.dir_register)
    dir_register                             0x0803cbe3   Thumb Code   408  ff.o(i.dir_register)
    i.dir_remove                             0x0803cd7a   Section        0  ff.o(i.dir_remove)
    dir_remove                               0x0803cd7b   Thumb Code    96  ff.o(i.dir_remove)
    i.dir_sdi                                0x0803cdda   Section        0  ff.o(i.dir_sdi)
    dir_sdi                                  0x0803cddb   Thumb Code   156  ff.o(i.dir_sdi)
    i.disk_initialize                        0x0803ce78   Section        0  diskio.o(i.disk_initialize)
    i.disk_ioctl                             0x0803ceac   Section        0  diskio.o(i.disk_ioctl)
    i.disk_read                              0x0803cf1c   Section        0  diskio.o(i.disk_read)
    i.disk_status                            0x0803cf70   Section        0  diskio.o(i.disk_status)
    i.disk_write                             0x0803cf78   Section        0  diskio.o(i.disk_write)
    i.f_chdir                                0x0803cfbc   Section        0  ff.o(i.f_chdir)
    i.f_chdrive                              0x0803d038   Section        0  ff.o(i.f_chdrive)
    i.f_chmod                                0x0803d050   Section        0  ff.o(i.f_chmod)
    i.f_close                                0x0803d0ce   Section        0  ff.o(i.f_close)
    i.f_getfree                              0x0803d0e4   Section        0  ff.o(i.f_getfree)
    i.f_gets                                 0x0803d1f8   Section        0  ff.o(i.f_gets)
    i.f_lseek                                0x0803d246   Section        0  ff.o(i.f_lseek)
    i.f_mkdir                                0x0803d524   Section        0  ff.o(i.f_mkdir)
    i.f_mkfs                                 0x0803d6d4   Section        0  ff.o(i.f_mkfs)
    i.f_mount                                0x0803dd08   Section        0  ff.o(i.f_mount)
    i.f_open                                 0x0803dd34   Section        0  ff.o(i.f_open)
    i.f_opendir                              0x0803dec0   Section        0  ff.o(i.f_opendir)
    i.f_printf                               0x0803df48   Section        0  ff.o(i.f_printf)
    i.f_putc                                 0x0803e204   Section        0  ff.o(i.f_putc)
    i.f_puts                                 0x0803e22a   Section        0  ff.o(i.f_puts)
    i.f_read                                 0x0803e254   Section        0  ff.o(i.f_read)
    i.f_readdir                              0x0803e430   Section        0  ff.o(i.f_readdir)
    i.f_rename                               0x0803e4a0   Section        0  ff.o(i.f_rename)
    i.f_stat                                 0x0803e5ec   Section        0  ff.o(i.f_stat)
    i.f_sync                                 0x0803e63e   Section        0  ff.o(i.f_sync)
    i.f_truncate                             0x0803e6f6   Section        0  ff.o(i.f_truncate)
    i.f_unlink                               0x0803e792   Section        0  ff.o(i.f_unlink)
    i.f_utime                                0x0803e870   Section        0  ff.o(i.f_utime)
    i.f_write                                0x0803e8ec   Section        0  ff.o(i.f_write)
    i.ff_convert                             0x0803eb0c   Section        0  cc936.o(i.ff_convert)
    i.ff_memalloc                            0x0803eb68   Section        0  diskio.o(i.ff_memalloc)
    i.ff_memfree                             0x0803eb7c   Section        0  diskio.o(i.ff_memfree)
    i.ff_wtoupper                            0x0803eb90   Section        0  cc936.o(i.ff_wtoupper)
    i.fit_lfn                                0x0803ebc8   Section        0  ff.o(i.fit_lfn)
    fit_lfn                                  0x0803ebc9   Thumb Code   122  ff.o(i.fit_lfn)
    i.follow_path                            0x0803ec48   Section        0  ff.o(i.follow_path)
    follow_path                              0x0803ec49   Thumb Code   186  ff.o(i.follow_path)
    i.fun_init                               0x0803ed04   Section        0  main.o(i.fun_init)
    i.gen_numname                            0x0803edbc   Section        0  ff.o(i.gen_numname)
    i.get_fat                                0x0803ee7a   Section        0  ff.o(i.get_fat)
    i.get_fattime                            0x0803ef5e   Section        0  diskio.o(i.get_fattime)
    i.get_fileinfo                           0x0803ef62   Section        0  ff.o(i.get_fileinfo)
    get_fileinfo                             0x0803ef63   Thumb Code   316  ff.o(i.get_fileinfo)
    i.mem_cmp                                0x0803f09e   Section        0  ff.o(i.mem_cmp)
    mem_cmp                                  0x0803f09f   Thumb Code    38  ff.o(i.mem_cmp)
    i.mem_cpy                                0x0803f0c4   Section        0  ff.o(i.mem_cpy)
    mem_cpy                                  0x0803f0c5   Thumb Code    26  ff.o(i.mem_cpy)
    i.mem_set                                0x0803f0de   Section        0  ff.o(i.mem_set)
    mem_set                                  0x0803f0df   Thumb Code    20  ff.o(i.mem_set)
    i.move_window                            0x0803f0f2   Section        0  ff.o(i.move_window)
    move_window                              0x0803f0f3   Thumb Code   114  ff.o(i.move_window)
    i.pick_lfn                               0x0803f164   Section        0  ff.o(i.pick_lfn)
    pick_lfn                                 0x0803f165   Thumb Code   112  ff.o(i.pick_lfn)
    i.put_fat                                0x0803f1d8   Section        0  ff.o(i.put_fat)
    i.remove_chain                           0x0803f30e   Section        0  ff.o(i.remove_chain)
    remove_chain                             0x0803f30f   Thumb Code   104  ff.o(i.remove_chain)
    i.sum_sfn                                0x0803f376   Section        0  ff.o(i.sum_sfn)
    sum_sfn                                  0x0803f377   Thumb Code    32  ff.o(i.sum_sfn)
    i.sync                                   0x0803f396   Section        0  ff.o(i.sync)
    sync                                     0x0803f397   Thumb Code   202  ff.o(i.sync)
    i.validate                               0x0803f460   Section        0  ff.o(i.validate)
    validate                                 0x0803f461   Thumb Code    42  ff.o(i.validate)
    .constdata                               0x0803f48a   Section       58  ff.o(.constdata)
    LfnOfs                                   0x0803f48a   Data          13  ff.o(.constdata)
    vst                                      0x0803f498   Data          22  ff.o(.constdata)
    cst                                      0x0803f4ae   Data          22  ff.o(.constdata)
    .constdata                               0x0803f4c4   Section      960  cc936.o(.constdata)
    tbl_lower                                0x0803f4c4   Data         480  cc936.o(.constdata)
    tbl_upper                                0x0803f6a4   Data         480  cc936.o(.constdata)
    .data                                    0x2000bc00   Section       40  define.o(.data)
    .data                                    0x2000bc28   Section       11  ff.o(.data)
    Fsid                                     0x2000bc30   Data           2  ff.o(.data)
    CurrVol                                  0x2000bc32   Data           1  ff.o(.data)

    Global Symbols

    Symbol Name                              Value     Ov Type        Size  Object(Section)

    BuildAttributes$$THM_ISAv4$P$D$K$B$S$PE$A:L22UL41UL21$X:L11$S22US41US21$IEEE1$IW$USESV6$~STKCKD$USESV7$~SHL$OSPACE$EBA8$STANDARDLIB$REQ8$PRES8$EABIv2 0x00000000   Number         0  anon$$obj.o ABSOLUTE
    __Vectors_Size                           0x00000070   Number         0  startup_stm32f10x_hd.o ABSOLUTE
    __Vectors                                0x0803c000   Data           4  startup_stm32f10x_hd.o(RESET)
    __Vectors_End                            0x0803c070   Data           0  startup_stm32f10x_hd.o(RESET)
    clust2sect                               0x0803c4e3   Thumb Code    26  ff.o(i.clust2sect)
    disk_initialize                          0x0803ce79   Thumb Code    42  diskio.o(i.disk_initialize)
    disk_ioctl                               0x0803cead   Thumb Code   100  diskio.o(i.disk_ioctl)
    disk_read                                0x0803cf1d   Thumb Code    76  diskio.o(i.disk_read)
    disk_status                              0x0803cf71   Thumb Code     6  diskio.o(i.disk_status)
    disk_write                               0x0803cf79   Thumb Code    64  diskio.o(i.disk_write)
    f_chdir                                  0x0803cfbd   Thumb Code   124  ff.o(i.f_chdir)
    f_chdrive                                0x0803d039   Thumb Code    18  ff.o(i.f_chdrive)
    f_chmod                                  0x0803d051   Thumb Code   126  ff.o(i.f_chmod)
    f_close                                  0x0803d0cf   Thumb Code    22  ff.o(i.f_close)
    f_getfree                                0x0803d0e5   Thumb Code   276  ff.o(i.f_getfree)
    f_gets                                   0x0803d1f9   Thumb Code    78  ff.o(i.f_gets)
    f_lseek                                  0x0803d247   Thumb Code   734  ff.o(i.f_lseek)
    f_mkdir                                  0x0803d525   Thumb Code   432  ff.o(i.f_mkdir)
    f_mkfs                                   0x0803d6d5   Thumb Code  1582  ff.o(i.f_mkfs)
    f_mount                                  0x0803dd09   Thumb Code    38  ff.o(i.f_mount)
    f_open                                   0x0803dd35   Thumb Code   396  ff.o(i.f_open)
    f_opendir                                0x0803dec1   Thumb Code   136  ff.o(i.f_opendir)
    f_printf                                 0x0803df49   Thumb Code   700  ff.o(i.f_printf)
    f_putc                                   0x0803e205   Thumb Code    38  ff.o(i.f_putc)
    f_puts                                   0x0803e22b   Thumb Code    42  ff.o(i.f_puts)
    f_read                                   0x0803e255   Thumb Code   476  ff.o(i.f_read)
    f_readdir                                0x0803e431   Thumb Code   112  ff.o(i.f_readdir)
    f_rename                                 0x0803e4a1   Thumb Code   332  ff.o(i.f_rename)
    f_stat                                   0x0803e5ed   Thumb Code    82  ff.o(i.f_stat)
    f_sync                                   0x0803e63f   Thumb Code   184  ff.o(i.f_sync)
    f_truncate                               0x0803e6f7   Thumb Code   156  ff.o(i.f_truncate)
    f_unlink                                 0x0803e793   Thumb Code   222  ff.o(i.f_unlink)
    f_utime                                  0x0803e871   Thumb Code   124  ff.o(i.f_utime)
    f_write                                  0x0803e8ed   Thumb Code   544  ff.o(i.f_write)
    ff_convert                               0x0803eb0d   Thumb Code    90  cc936.o(i.ff_convert)
    ff_memalloc                              0x0803eb69   Thumb Code    14  diskio.o(i.ff_memalloc)
    ff_memfree                               0x0803eb7d   Thumb Code    14  diskio.o(i.ff_memfree)
    ff_wtoupper                              0x0803eb91   Thumb Code    46  cc936.o(i.ff_wtoupper)
    fun_init                                 0x0803ed05   Thumb Code   134  main.o(i.fun_init)
    gen_numname                              0x0803edbd   Thumb Code   190  ff.o(i.gen_numname)
    get_fat                                  0x0803ee7b   Thumb Code   228  ff.o(i.get_fat)
    get_fattime                              0x0803ef5f   Thumb Code     4  diskio.o(i.get_fattime)
    put_fat                                  0x0803f1d9   Thumb Code   310  ff.o(i.put_fat)
    mymalloc                                 0x2000bc00   Data           4  define.o(.data)
    myfree                                   0x2000bc04   Data           4  define.o(.data)
    flash_read                               0x2000bc08   Data           4  define.o(.data)
    flash_write                              0x2000bc0c   Data           4  define.o(.data)
    sd_read                                  0x2000bc10   Data           4  define.o(.data)
    sd_write                                 0x2000bc14   Data           4  define.o(.data)
    sd_GetSectorCount                        0x2000bc18   Data           4  define.o(.data)
    sd_Initialize                            0x2000bc1c   Data           4  define.o(.data)
    sd_Reset                                 0x2000bc20   Data           4  define.o(.data)
    sd_WaitReady                             0x2000bc24   Data           4  define.o(.data)
    FatFs                                    0x2000bc28   Data           8  ff.o(.data)



==============================================================================

Memory Map of the image

  Image entry point : Not specified.

  Load Region LR_IROM1 (Base: 0x0803c000, Size: 0x000038b8, Max: 0x00003c00, ABSOLUTE)

    Execution Region ER_IROM1 (Base: 0x0803c000, Size: 0x00003884, Max: 0x00003c00, ABSOLUTE)

    Base Addr    Size         Type   Attr      Idx    E Section Name        Object

    0x0803c000   0x00000070   Data   RO           61    RESET               startup_stm32f10x_hd.o
    0x0803c070   0x00000000   Code   RO           62    .text               startup_stm32f10x_hd.o
    0x0803c070   0x00000090   Code   RO          124    i.check_fs          ff.o
    0x0803c100   0x00000014   Code   RO          125    i.chk_chr           ff.o
    0x0803c114   0x0000039c   Code   RO          126    i.chk_mounted       ff.o
    0x0803c4b0   0x00000032   Code   RO          127    i.clmt_clust        ff.o
    0x0803c4e2   0x0000001a   Code   RO          128    i.clust2sect        ff.o
    0x0803c4fc   0x00000090   Code   RO          129    i.cmp_lfn           ff.o
    0x0803c58c   0x000000ca   Code   RO          130    i.create_chain      ff.o
    0x0803c656   0x00000002   PAD
    0x0803c658   0x000002d8   Code   RO          131    i.create_name       ff.o
    0x0803c930   0x000000de   Code   RO          132    i.dir_find          ff.o
    0x0803ca0e   0x00000118   Code   RO          133    i.dir_next          ff.o
    0x0803cb26   0x000000bc   Code   RO          134    i.dir_read          ff.o
    0x0803cbe2   0x00000198   Code   RO          135    i.dir_register      ff.o
    0x0803cd7a   0x00000060   Code   RO          136    i.dir_remove        ff.o
    0x0803cdda   0x0000009c   Code   RO          137    i.dir_sdi           ff.o
    0x0803ce76   0x00000002   PAD
    0x0803ce78   0x00000034   Code   RO           63    i.disk_initialize   diskio.o
    0x0803ceac   0x00000070   Code   RO           64    i.disk_ioctl        diskio.o
    0x0803cf1c   0x00000054   Code   RO           65    i.disk_read         diskio.o
    0x0803cf70   0x00000006   Code   RO           66    i.disk_status       diskio.o
    0x0803cf76   0x00000002   PAD
    0x0803cf78   0x00000044   Code   RO           67    i.disk_write        diskio.o
    0x0803cfbc   0x0000007c   Code   RO          138    i.f_chdir           ff.o
    0x0803d038   0x00000018   Code   RO          139    i.f_chdrive         ff.o
    0x0803d050   0x0000007e   Code   RO          140    i.f_chmod           ff.o
    0x0803d0ce   0x00000016   Code   RO          141    i.f_close           ff.o
    0x0803d0e4   0x00000114   Code   RO          142    i.f_getfree         ff.o
    0x0803d1f8   0x0000004e   Code   RO          143    i.f_gets            ff.o
    0x0803d246   0x000002de   Code   RO          144    i.f_lseek           ff.o
    0x0803d524   0x000001b0   Code   RO          145    i.f_mkdir           ff.o
    0x0803d6d4   0x00000634   Code   RO          146    i.f_mkfs            ff.o
    0x0803dd08   0x0000002c   Code   RO          147    i.f_mount           ff.o
    0x0803dd34   0x0000018c   Code   RO          148    i.f_open            ff.o
    0x0803dec0   0x00000088   Code   RO          149    i.f_opendir         ff.o
    0x0803df48   0x000002bc   Code   RO          150    i.f_printf          ff.o
    0x0803e204   0x00000026   Code   RO          151    i.f_putc            ff.o
    0x0803e22a   0x0000002a   Code   RO          152    i.f_puts            ff.o
    0x0803e254   0x000001dc   Code   RO          153    i.f_read            ff.o
    0x0803e430   0x00000070   Code   RO          154    i.f_readdir         ff.o
    0x0803e4a0   0x0000014c   Code   RO          155    i.f_rename          ff.o
    0x0803e5ec   0x00000052   Code   RO          156    i.f_stat            ff.o
    0x0803e63e   0x000000b8   Code   RO          157    i.f_sync            ff.o
    0x0803e6f6   0x0000009c   Code   RO          158    i.f_truncate        ff.o
    0x0803e792   0x000000de   Code   RO          159    i.f_unlink          ff.o
    0x0803e870   0x0000007c   Code   RO          160    i.f_utime           ff.o
    0x0803e8ec   0x00000220   Code   RO          161    i.f_write           ff.o
    0x0803eb0c   0x0000005a   Code   RO          430    i.ff_convert        cc936.o
    0x0803eb66   0x00000002   PAD
    0x0803eb68   0x00000014   Code   RO           68    i.ff_memalloc       diskio.o
    0x0803eb7c   0x00000014   Code   RO           69    i.ff_memfree        diskio.o
    0x0803eb90   0x00000038   Code   RO          431    i.ff_wtoupper       cc936.o
    0x0803ebc8   0x00000080   Code   RO          162    i.fit_lfn           ff.o
    0x0803ec48   0x000000ba   Code   RO          163    i.follow_path       ff.o
    0x0803ed02   0x00000002   PAD
    0x0803ed04   0x000000b8   Code   RO            1    i.fun_init          main.o
    0x0803edbc   0x000000be   Code   RO          164    i.gen_numname       ff.o
    0x0803ee7a   0x000000e4   Code   RO          165    i.get_fat           ff.o
    0x0803ef5e   0x00000004   Code   RO           70    i.get_fattime       diskio.o
    0x0803ef62   0x0000013c   Code   RO          166    i.get_fileinfo      ff.o
    0x0803f09e   0x00000026   Code   RO          167    i.mem_cmp           ff.o
    0x0803f0c4   0x0000001a   Code   RO          168    i.mem_cpy           ff.o
    0x0803f0de   0x00000014   Code   RO          169    i.mem_set           ff.o
    0x0803f0f2   0x00000072   Code   RO          170    i.move_window       ff.o
    0x0803f164   0x00000074   Code   RO          171    i.pick_lfn          ff.o
    0x0803f1d8   0x00000136   Code   RO          172    i.put_fat           ff.o
    0x0803f30e   0x00000068   Code   RO          173    i.remove_chain      ff.o
    0x0803f376   0x00000020   Code   RO          174    i.sum_sfn           ff.o
    0x0803f396   0x000000ca   Code   RO          175    i.sync              ff.o
    0x0803f460   0x0000002a   Code   RO          176    i.validate          ff.o
    0x0803f48a   0x0000003a   Data   RO          177    .constdata          ff.o
    0x0803f4c4   0x000003c0   Data   RO          432    .constdata          cc936.o


    Execution Region RW_IRAM1 (Base: 0x2000bc00, Size: 0x00000034, Max: 0x00000400, ABSOLUTE)

    Base Addr    Size         Type   Attr      Idx    E Section Name        Object

    0x2000bc00   0x00000028   Data   RW           49    .data               define.o
    0x2000bc28   0x0000000b   Data   RW          178    .data               ff.o


==============================================================================

Image component sizes


      Code (inc. data)   RO Data    RW Data    ZI Data      Debug   Object Name

       146         10        960          0          0       2303   cc936.o
         0          0          0         40          0       1044   define.o
       366         46          0          0          0       6043   diskio.o
     12632        144         58         11          0      49909   ff.o
       184         50          0          0          0     212079   main.o
         0          0        112          0          0          0   startup_stm32f10x_hd.o

    ----------------------------------------------------------------------
     13338        250       1130         52          0     271378   Object Totals
         0          0          0          0          0          0   (incl. Generated)
        10          0          0          1          0          0   (incl. Padding)

    ----------------------------------------------------------------------
         0          0          0          0          0          0   Library Totals
         0          0          0          0          0          0   (incl. Padding)

    ----------------------------------------------------------------------

==============================================================================


      Code (inc. data)   RO Data    RW Data    ZI Data      Debug   

     13338        250       1130         52          0     268258   Grand Totals
     13338        250       1130         52          0     268258   ELF Image Totals
     13338        250       1130         52          0          0   ROM Totals

==============================================================================

    Total RO  Size (Code + RO Data)                14468 (  14.13kB)
    Total RW  Size (RW Data + ZI Data)                52 (   0.05kB)
    Total ROM Size (Code + RO Data + RW Data)      14520 (  14.18kB)

==============================================================================

